2022/05/01 15:33:52 lesson.go:456: Exit open fdafdsafa: no such file or directory
2022/05/01 15:35:03 lesson.go:456: Exit open fdafdsafa: no such file or directory
2022/05/01 15:40:17 lesson.go:456: Exit open fdafdsafa: no such file or directory
2022/05/01 15:40:59 lesson.go:458: logging!
2022/05/01 15:40:59 lesson.go:459: string test
2022/05/01 15:44:19 lesson.go:458: logging!
2022/05/01 15:44:19 lesson.go:459: string test
2022/05/01 15:46:23 lesson.go:458: logging!
2022/05/01 15:46:23 lesson.go:459: string test
2022/05/01 15:46:23 lesson.go:479: Error
2022/05/01 20:57:40 lesson.go:467: logging!
2022/05/01 20:57:40 lesson.go:468: string test
2022/05/01 20:57:40 lesson.go:488: Error
2022/05/01 20:59:03 lesson.go:467: logging!
2022/05/01 20:59:03 lesson.go:468: string test
2022/05/01 21:00:57 lesson.go:467: logging!
2022/05/01 21:00:57 lesson.go:468: string test
2022/05/01 21:11:24 lesson.go:467: logging!
2022/05/01 21:11:24 lesson.go:468: string test
2022/05/01 21:11:58 lesson.go:467: logging!
2022/05/01 21:11:58 lesson.go:468: string test
2022/05/01 21:12:31 lesson.go:467: logging!
2022/05/01 21:12:31 lesson.go:468: string test
2022/05/02 21:15:33 lesson.go:467: logging!
2022/05/02 21:15:33 lesson.go:468: string test
2022/05/02 21:21:43 lesson.go:467: logging!
2022/05/02 21:21:43 lesson.go:468: string test
2022/05/02 21:24:12 lesson.go:467: logging!
2022/05/02 21:24:12 lesson.go:468: string test
2022/05/02 21:27:03 lesson.go:471: logging!
2022/05/02 21:27:03 lesson.go:472: string test
2022/05/02 21:28:19 lesson.go:471: logging!
2022/05/02 21:28:19 lesson.go:472: string test
2022/05/02 21:29:55 lesson.go:471: logging!
2022/05/02 21:29:55 lesson.go:472: string test
2022/05/02 21:31:08 lesson.go:471: logging!
2022/05/02 21:31:08 lesson.go:472: string test
2022/05/02 21:31:34 lesson.go:471: logging!
2022/05/02 21:31:34 lesson.go:472: string test
2022/05/02 21:32:10 lesson.go:471: logging!
2022/05/02 21:32:10 lesson.go:472: string test
2022/05/02 21:37:16 lesson.go:471: logging!
2022/05/02 21:37:16 lesson.go:472: string test
2022/05/02 21:40:12 lesson.go:476: logging!
2022/05/02 21:40:12 lesson.go:477: string test
2022/05/02 21:40:45 lesson.go:476: logging!
2022/05/02 21:40:45 lesson.go:477: string test
2022/05/02 21:41:41 lesson.go:476: logging!
2022/05/02 21:41:41 lesson.go:477: string test
2022/05/02 21:42:04 lesson.go:477: logging!
2022/05/02 21:42:04 lesson.go:478: string test
2022/05/02 21:42:45 lesson.go:477: logging!
2022/05/02 21:42:45 lesson.go:478: string test
2022/05/02 21:43:19 lesson.go:477: logging!
2022/05/02 21:43:19 lesson.go:478: string test
2022/05/02 21:44:46 lesson.go:476: logging!
2022/05/02 21:44:46 lesson.go:477: string test
2022/05/02 21:45:21 lesson.go:476: logging!
2022/05/02 21:45:21 lesson.go:477: string test
2022/05/02 21:46:34 lesson.go:476: logging!
2022/05/02 21:46:34 lesson.go:477: string test
2022/05/02 21:53:41 lesson.go:484: logging!
2022/05/02 21:53:41 lesson.go:485: string test
2022/05/02 21:54:41 lesson.go:484: logging!
2022/05/02 21:54:41 lesson.go:485: string test
2022/05/02 21:55:33 lesson.go:484: logging!
2022/05/02 21:55:33 lesson.go:485: string test
2022/05/03 15:15:36 lesson.go:484: logging!
2022/05/03 15:15:36 lesson.go:485: string test
2022/05/03 15:31:10 lesson.go:496: logging!
2022/05/03 15:31:10 lesson.go:497: string test
2022/05/03 15:31:57 lesson.go:496: logging!
2022/05/03 15:31:57 lesson.go:497: string test
2022/05/03 15:34:07 lesson.go:501: logging!
2022/05/03 15:34:07 lesson.go:502: string test
2022/05/03 15:40:15 lesson.go:505: logging!
2022/05/03 15:40:15 lesson.go:506: string test
2022/05/03 15:47:57 lesson.go:524: logging!
2022/05/03 15:47:57 lesson.go:525: string test
2022/05/03 15:56:52 lesson.go:530: logging!
2022/05/03 15:56:52 lesson.go:531: string test
2022/05/03 15:58:53 lesson.go:532: logging!
2022/05/03 15:58:53 lesson.go:533: string test
2022/05/04 11:29:14 lesson.go:544: logging!
2022/05/04 11:29:14 lesson.go:545: string test
2022/05/04 11:30:44 lesson.go:545: logging!
2022/05/04 11:30:44 lesson.go:546: string test
2022/05/04 11:33:06 lesson.go:554: logging!
2022/05/04 11:33:06 lesson.go:555: string test
2022/05/04 11:33:53 lesson.go:554: logging!
2022/05/04 11:33:53 lesson.go:555: string test
2022/05/04 11:36:06 lesson.go:558: logging!
2022/05/04 11:36:06 lesson.go:559: string test
2022/05/05 21:25:56 lesson.go:564: logging!
2022/05/05 21:25:56 lesson.go:565: string test
2022/05/05 21:27:05 lesson.go:568: logging!
2022/05/05 21:27:05 lesson.go:569: string test
2022/05/05 21:30:23 lesson.go:576: logging!
2022/05/05 21:30:23 lesson.go:577: string test
2022/05/05 21:31:39 lesson.go:576: logging!
2022/05/05 21:31:39 lesson.go:577: string test
